VelosiParseTree(tests/vrs/state/state_00_basic_def.vrs)
---------------------------------------------
segment MyUnit {
  state(base: foo) {
    reg foo [ 8 ],
    mem bar [ base, 0, 8 ],
  }
}


---------------------------------------------
