VelosiParseTree(tests/vrs/state/state_01_bitslices_def.vrs)
---------------------------------------------
segment MyUnit {
  state(base: foobase2: addr) {
    reg foo [ 8 ] {
      0..2 foo,
    },
    reg foo [ 8 ] {
      0..2 foo,
      2..4 bar,
    },
    mem bar [ base, 0, 8 ] {
      0..2 foo,
      7..4 bar,
      7..4 bar,
    },
    mem baz [ base, 8, 8 ] {
      0..256 foo,
      1025..4 bar,
      0..2 foo,
    },
  }
}


---------------------------------------------
