VelosiParseTree(tests/vrs/interface/interface_00_basic_def.vrs)
---------------------------------------------
segment MyUnit {
  interface(base: foo) {
    reg foo [ 8 ],
    mem bar [ base, 0, 8 ],
    mmio baz [ base, 8, 8 ],
  }
}


---------------------------------------------
