VelosiParseTree(tests/vrs/interface/interface_02_actions_def.vrs)
---------------------------------------------
segment MyUnit {
  interface(base: foo) {
    reg foo [ 8 ] {
      Layout {
        0..2 foo,
      },
      ReadActions {
      },
      WriteActions {
        43 -> foo;
      },
    },
    reg foo [ 8 ] {
      Layout {
        0..2 foo,
        2..4 bar,
      },
      ReadActions {
        43 -> foo;
        bar -> foo;
      },
      WriteActions {
        43 -> foo;
      },
    },
    mem bar [ base, 0, 8 ] {
      Layout {
        0..2 foo,
        7..4 bar,
        7..4 bar,
      },
      ReadActions {
        43 -> foo;
        bar -> foo;
      },
      WriteActions {
        43 -> foo;
      },
      ReadActions {
        43 -> foo;
        bar -> foo;
      },
      WriteActions {
        43 -> foo;
      },
      Layout {
        0..2 foo,
        7..4 bar,
        7..4 bar,
      },
    },
  }
}


---------------------------------------------
