VelosiParseTree(tests/vrs/consts/const_02_unit.vrs)
---------------------------------------------
const FOOBAR : int = 1234;

segment Abc {
  const FOOBAR : int = 5432;
  const FOOBAR : int = 5432;
}


---------------------------------------------
