VelosiParseTree(tests/vrs/consts/const_00_defs.vrs)
---------------------------------------------
const FOO : int = 123;

const FOO : int = 4660;

const FOO : int = a;

const FOO : int = BAR;

const FOO : size = FOO + FOOBAR;

const FOO : MyType = 1234;

const FOO : bool = 1234;

const FOO : int = true;

---------------------------------------------
