error: expected `;`, found `A`
     --> tests/vrs/interface/parts/readactions_01_missing_separator.vrs:1:23
      |
    1 |  ReadActions { A -> B  A -> B; }
      |                        ^ help: add `;` here.
