VelosiParseTree(tests/vrs/flags/flags_01_unit.vrs)
---------------------------------------------
segment Foo {
  flags = { foo, bar };
  flags = { FOO, BAR };
  flags = { foo, bar };
  flags = { FOO, BAR };
  flags = {  };
  flags = { FOO, FOO };
}


---------------------------------------------
