VelosiParseTree(tests/vrs/methods/methods_03_decorators.vrs)
---------------------------------------------
segment MyUnit {
  #[prop]
  fn foo() -> bool
    requires true

  #[prop, prop2]
  fn foo() -> bool
    ensures true

  #[prop(arg)]
  fn foo() -> bool
    requires true
    ensures true

  #[prop(arg), prop2]
  fn foo() -> bool
    requires true
  {
    true
  }

  #[prop(arg), prop2]
  fn bar(val: int) -> int
    requires true
    requires (val > 0) && true
    ensures bar(val) == (val + 1)
    ensures true
  {
    1 + val
  }

}


---------------------------------------------
