error: empty state field block
     --> tests/vrs/state/parts/registerfield_00_empty_body.vrs:1:17
      |
    1 |  reg foo [ 8 ] {}
      |                   remove the block or fill it in explicitly
